{
    "events": {
        "all": ["a", "b", "{a}", "{b}", "{a, b}"],
        "controllable": [
            ["{a}", "{b}", "{a, b}"]
        ],
        "observable": [
            ["a", "b", "{a}", "{b}", "{a, b}"]
        ]
    },
    "states": {
        "all": [
            "(q1, {q1}, {q1, q3}, {q1, q2})",
            "(q2, {q2}, {q2, q4}, {q1, q2})",
            "(q3, {q3}, {q1, q3}, {q3, q4})",
            "(q4, {q4}, {q2, q4}, {q3, q4})",
            "((q1, {q1}, {q1, q3}, {q1, q2}), {a})",
            "((q1, {q1}, {q1, q3}, {q1, q2}), {b})",
            "((q1, {q1}, {q1, q3}, {q1, q2}), {a, b})",
            "((q3, {q3}, {q1, q3}, {q3, q4}), {a})"
        ],
        "v1": [
            "(q4, {q4}, {q2, q4}, {q3, q4})",
            "(q2, {q2}, {q2, q4}, {q1, q2})",
            "(q3, {q3}, {q1, q3}, {q3, q4})",
            "(q1, {q1}, {q1, q3}, {q1, q2})"
        ],
        "v2": [
            "((q3, {q3}, {q1, q3}, {q3, q4}), {a})",
            "((q1, {q1}, {q1, q3}, {q1, q2}), {a})",
            "((q1, {q1}, {q1, q3}, {q1, q2}), {a, b})",
            "((q1, {q1}, {q1, q3}, {q1, q2}), {b})"
        ],
        "initial": ["(q1, {q1}, {q1, q3}, {q1, q2})"],
        "marked": [[]],
        "bad": [],
        "secrets": {},
        "bad-v1": [],
        "bad-v2": []
    },
    "transitions": {
        "all": {
            "(q1, {q1}, {q1, q3}, {q1, q2})->{a, b}": [
                "((q1, {q1}, {q1, q3}, {q1, q2}), {a, b})"
            ],
            "(q1, {q1}, {q1, q3}, {q1, q2})->{a}": [
                "((q1, {q1}, {q1, q3}, {q1, q2}), {a})"
            ],
            "(q1, {q1}, {q1, q3}, {q1, q2})->{b}": [
                "((q1, {q1}, {q1, q3}, {q1, q2}), {b})"
            ],
            "(q3, {q3}, {q1, q3}, {q3, q4})->{a}": [
                "((q3, {q3}, {q1, q3}, {q3, q4}), {a})"
            ],
            "((q1, {q1}, {q1, q3}, {q1, q2}), {a, b})->a": [
                "(q2, {q2}, {q2, q4}, {q1, q2})"
            ],
            "((q1, {q1}, {q1, q3}, {q1, q2}), {a, b})->b": [
                "(q3, {q3}, {q1, q3}, {q3, q4})"
            ],
            "((q1, {q1}, {q1, q3}, {q1, q2}), {a})->a": [
                "(q2, {q2}, {q2, q4}, {q1, q2})"
            ],
            "((q1, {q1}, {q1, q3}, {q1, q2}), {b})->b": [
                "(q3, {q3}, {q1, q3}, {q3, q4})"
            ],
            "((q3, {q3}, {q1, q3}, {q3, q4}), {a})->a": [
                "(q4, {q4}, {q2, q4}, {q3, q4})"
            ]
        },
        "v1": {
            "(q1, {q1}, {q1, q3}, {q1, q2})->{a, b}": [
                "((q1, {q1}, {q1, q3}, {q1, q2}), {a, b})"
            ],
            "(q1, {q1}, {q1, q3}, {q1, q2})->{a}": [
                "((q1, {q1}, {q1, q3}, {q1, q2}), {a})"
            ],
            "(q1, {q1}, {q1, q3}, {q1, q2})->{b}": [
                "((q1, {q1}, {q1, q3}, {q1, q2}), {b})"
            ],
            "(q3, {q3}, {q1, q3}, {q3, q4})->{a}": [
                "((q3, {q3}, {q1, q3}, {q3, q4}), {a})"
            ]
        },
        "v2": {
            "((q1, {q1}, {q1, q3}, {q1, q2}), {a, b})->a": [
                "(q2, {q2}, {q2, q4}, {q1, q2})"
            ],
            "((q1, {q1}, {q1, q3}, {q1, q2}), {a, b})->b": [
                "(q3, {q3}, {q1, q3}, {q3, q4})"
            ],
            "((q1, {q1}, {q1, q3}, {q1, q2}), {a})->a": [
                "(q2, {q2}, {q2, q4}, {q1, q2})"
            ],
            "((q1, {q1}, {q1, q3}, {q1, q2}), {b})->b": [
                "(q3, {q3}, {q1, q3}, {q3, q4})"
            ],
            "((q3, {q3}, {q1, q3}, {q3, q4}), {a})->a": [
                "(q4, {q4}, {q2, q4}, {q3, q4})"
            ]
        },
        "bad": {}
    }
}