{
    "events": {
        "all": [
            "a",
            "b",
            "c",
            "tau"
        ],
        "controllable": [
            [
                "a",
                "c"
            ],
            [
                "b",
                "c"
            ]
        ],
        "observable": [
            [
                "a",
                "c"
            ],
            [
                "b",
                "c"
            ]
        ]
    },
    "states": {
        "all": [
            "0",
            "2_1",
            "7_1",
            "3_2",
            "6_0",
            "4_1",
            "3_0",
            "6_2",
            "5_1",
            "1_0"
        ],
        "bad": [],
        "initial": [
            "0"
        ],
        "marked": [
            [],
            []
        ]
    },
    "transitions": {
        "all": {
            "0->tau": [
                "1_0"
            ],
            "1_0->a": [
                "2_1"
            ],
            "1_0->b": [
                "5_1"
            ],
            "2_1->b": [
                "3_2"
            ],
            "3_0->c": [
                "4_1"
            ],
            "3_2->tau": [
                "3_0"
            ],
            "5_1->a": [
                "6_2"
            ],
            "6_0->c": [
                "7_1"
            ],
            "6_2->tau": [
                "6_0"
            ]
        },
        "bad": {},
        "specification": {
            "1_0->a": [
                "2_1"
            ],
            "1_0->b": [
                "5_1"
            ],
            "2_1->b": [
                "3_2"
            ],
            "3_0->c": [
                "4_1"
            ],
            "3_2->tau": [
                "3_0"
            ],
            "5_1->a": [
                "6_2"
            ],
            "6_2->tau": [
                "6_0"
            ]
        }
    }
}