{
    "events": {
        "all": [
            "a",
            "b",
            "c",
            "tau",
            "?a",
            "?b",
            "?c",
            "!a",
            "!b",
            "!c"
        ],
        "controllable": [
            [
                "a",
                "c"
            ],
            [
                "b",
                "c"
            ]
        ],
        "observable": [
            [
                "a",
                "c"
            ],
            [
                "b",
                "c"
            ]
        ],
        "receive": [
            "?a",
            "?b",
            "?c"
        ],
        "regular": [
            "a",
            "b",
            "c",
            "tau"
        ],
        "send": [
            "!a",
            "!b",
            "!c"
        ]
    },
    "states": {
        "all": [
            "3_0",
            "3_2!",
            "4_1!",
            "6_0?",
            "1_0",
            "1_0?",
            "6_2",
            "2_1",
            "2_1?",
            "6_0",
            "5_1",
            "3_0?",
            "7_1",
            "0",
            "5_1!",
            "3_2",
            "6_2?",
            "4_1",
            "7_1!"
        ],
        "bad": [],
        "initial": [
            "0"
        ],
        "marked": [
            [],
            []
        ]
    },
    "transitions": {
        "all": {
            "0->tau": [
                "1_0"
            ],
            "1_0->?tau": [
                "1_0?"
            ],
            "1_0->a": [
                "2_1"
            ],
            "1_0->b": [
                "5_1"
            ],
            "1_0?->a": [
                "2_1"
            ],
            "1_0?->b": [
                "5_1"
            ],
            "2_1->?a": [
                "2_1?"
            ],
            "2_1->b": [
                "3_2"
            ],
            "2_1?->b": [
                "3_2"
            ],
            "3_0->?tau": [
                "3_0?"
            ],
            "3_0->c": [
                "4_1"
            ],
            "3_0?->c": [
                "4_1"
            ],
            "3_2!->tau": [
                "3_0"
            ],
            "3_2->!b": [
                "3_2!"
            ],
            "3_2->tau": [
                "3_0"
            ],
            "4_1->!c": [
                "4_1!"
            ],
            "5_1!->a": [
                "6_2"
            ],
            "5_1->!b": [
                "5_1!"
            ],
            "5_1->a": [
                "6_2"
            ],
            "6_0->?tau": [
                "6_0?"
            ],
            "6_0->c": [
                "7_1"
            ],
            "6_0?->c": [
                "7_1"
            ],
            "6_2->?a": [
                "6_2?"
            ],
            "6_2->tau": [
                "6_0"
            ],
            "6_2?->tau": [
                "6_0"
            ],
            "7_1->!c": [
                "7_1!"
            ]
        },
        "bad": {},
        "specification": {
            "1_0->a": [
                "2_1"
            ],
            "1_0->b": [
                "5_1"
            ],
            "1_0?->a": [
                "2_1"
            ],
            "1_0?->b": [
                "5_1"
            ],
            "2_1->?a": [
                "2_1?"
            ],
            "2_1->b": [
                "3_2"
            ],
            "2_1?->b": [
                "3_2"
            ],
            "3_0->?tau": [
                "3_0?"
            ],
            "3_0->c": [
                "4_1"
            ],
            "3_0?->c": [
                "4_1"
            ],
            "3_2!->tau": [
                "3_0"
            ],
            "3_2->!b": [
                "3_2!"
            ],
            "3_2->tau": [
                "3_0"
            ],
            "4_1->!c": [
                "4_1!"
            ],
            "5_1!->a": [
                "6_2"
            ],
            "5_1->!b": [
                "5_1!"
            ],
            "5_1->a": [
                "6_2"
            ],
            "6_0->?tau": [
                "6_0?"
            ],
            "6_2->?a": [
                "6_2?"
            ],
            "6_2->tau": [
                "6_0"
            ],
            "6_2?->tau": [
                "6_0"
            ]
        }
    }
}
